ISOLATED_UID: 1000
ISOLATED_GID: 1000
CPU_LIMIT_SECONDS: 180
VIRTUAL_MEMORY_LIMIT_MIB: 8192
NO_NEW_PRIVILEGES: true
NETWORK_SYSCALLS_DENIED: socket,socketpair,connect,accept,accept4,bind,listen,sendto,sendmsg,sendmmsg,recvfrom,recvmsg,recvmmsg,shutdown,getsockname,getpeername,setsockopt,getsockopt
NETWORK_DENIAL_PROBE: PASS (EPERM)
COMMAND: ['bash', 'verify_submission.sh', '/mnt/data/jsp612_prize_audit/environment/Lean419_Offline_linux_x86_64']
MANIFEST: PASS (93 files)
positive: PASS (exit 0)
mutation: PASS (exit 1)
axiom: PASS (exit 1)
build_challenge: PASS (exit 0)
build_gate_support: PASS (exit 0)
six_real_statements: PASS (exit 0)
compile_bad_candidates: PASS (exit 0)
changed_to_true: PASS (exit 1)
explicit_assumption: PASS (exit 1)
typeclass_assumption: PASS (exit 1)
invented_axiom: PASS (exit 1)
sorry: PASS (exit 1)
not_a_theorem: PASS (exit 1)
weakened_criticality: PASS (exit 1)
hardcoded_extremum: PASS (exit 1)
missing_declaration: PASS (exit 1)
unused_bad_declarations_do_not_taint_good_proof: PASS (exit 0)
q=2 n=0: core=5 vertices, 5 edges, exact deletions=1
q=2 n=1: core=7 vertices, 7 edges, exact deletions=1
q=2 n=2: core=9 vertices, 9 edges, exact deletions=1
q=2 n=3: core=11 vertices, 11 edges, exact deletions=1
q=3 n=0: core=7 vertices, 12 edges, exact deletions=3
q=3 n=1: core=9 vertices, 16 edges, exact deletions=3
q=3 n=2: core=11 vertices, 20 edges, exact deletions=3
q=3 n=3: core=13 vertices, 24 edges, exact deletions=3
q=4 n=0: core=9 vertices, 22 edges, exact deletions=6
q=4 n=1: core=11 vertices, 28 edges, exact deletions=6
q=4 n=2: core=13 vertices, 34 edges, exact deletions=6
q=4 n=3: core=15 vertices, 40 edges, exact deletions=6
q=5 n=0: core=11 vertices, 35 edges, exact deletions=10
q=5 n=1: core=13 vertices, 43 edges, exact deletions=10
q=5 n=2: core=15 vertices, 51 edges, exact deletions=10
q=5 n=3: core=17 vertices, 59 edges, exact deletions=10
FINITE_SANITY_CHECKS: PASS
test_git_suffix (test_prepare_submission.PrepareTests.test_git_suffix) ... ok
test_no_credentials (test_prepare_submission.PrepareTests.test_no_credentials) ... ok
test_no_lock_branch (test_prepare_submission.PrepareTests.test_no_lock_branch) ... ok
test_no_sha256 (test_prepare_submission.PrepareTests.test_no_sha256) ... ok
test_no_shell_branch (test_prepare_submission.PrepareTests.test_no_shell_branch) ... ok
test_no_short_commit (test_prepare_submission.PrepareTests.test_no_short_commit) ... ok
test_no_subpath (test_prepare_submission.PrepareTests.test_no_subpath) ... ok
test_no_traversal_branch (test_prepare_submission.PrepareTests.test_no_traversal_branch) ... ok
test_no_url_query (test_prepare_submission.PrepareTests.test_no_url_query) ... ok
test_no_wrong_host (test_prepare_submission.PrepareTests.test_no_wrong_host) ... ok
test_no_zero_commit (test_prepare_submission.PrepareTests.test_no_zero_commit) ... ok
test_patch_duplicate_evidence (test_prepare_submission.PrepareTests.test_patch_duplicate_evidence) ... ok
test_patch_duplicate_target (test_prepare_submission.PrepareTests.test_patch_duplicate_target) ... ok
test_patch_missing_target (test_prepare_submission.PrepareTests.test_patch_missing_target) ... ok
test_patch_preserves_fields_and_neighbours (test_prepare_submission.PrepareTests.test_patch_preserves_fields_and_neighbours) ... ok
test_reject_nonexistent_local_commit (test_prepare_submission.PrepareTests.test_reject_nonexistent_local_commit) ... ok
test_templates_fully_render (test_prepare_submission.PrepareTests.test_templates_fully_render) ... ok
test_uppercase_commit (test_prepare_submission.PrepareTests.test_uppercase_commit) ... ok
test_valid (test_prepare_submission.PrepareTests.test_valid) ... ok

----------------------------------------------------------------------
Ran 19 tests in 0.016s

OK
MANIFEST: PASS (93 files)
SUBMISSION_LOCAL_REPRODUCTION: PASS
This is not an independent-checker result, official acceptance or an award decision.
